# Copyright (C) 2024 Huawei Device Co., Ltd.
# Licensed under the Apache License, Version 2.0 (the "License");
# you may not use this file except in compliance with the License.
# You may obtain a copy of the License at
#
#     http://www.apache.org/licenses/LICENSE-2.0
#
# Unless required by applicable law or agreed to in writing, software
# distributed under the License is distributed on an "AS IS" BASIS,
# WITHOUT WARRANTIES OR CONDITIONS OF ANY KIND, either express or implied.
# See the License for the specific language governing permissions and
# limitations under the License.

{
  global:
    extern "C++" {
      *HgmAppPageUrlStrategy::CleanPageUrlVote*;
      *HgmAppPageUrlStrategy::NotifyPageName*;
      *HgmAppPageUrlStrategy::NotifyScreenSettingChange*;
      *HgmAppPageUrlStrategy::SetPageUrlConfig*;

      *HgmConfigCallbackManager::GetInstance*;
      *HgmConfigCallbackManager::RegisterHgmConfigChangeCallback*;
      *HgmConfigCallbackManager::RegisterHgmRefreshRateModeChangeCallback*;
      *HgmConfigCallbackManager::RegisterHgmRefreshRateUpdateCallback*;
      *HgmConfigCallbackManager::RegisterXComponentExpectedFrameRateCallback*;
      *HgmConfigCallbackManager::SyncHgmConfigChangeCallback*;
      *HgmConfigCallbackManager::SyncRefreshRateModeChangeCallback*;
      *HgmConfigCallbackManager::SyncRefreshRateUpdateCallback*;
      *HgmConfigCallbackManager::SyncXComponentExpectedFrameRateCallback*;
      *HgmConfigCallbackManager::UnRegisterHgmConfigChangeCallback*;

      *HgmCore::AddScreen*;
      *HgmCore::AddScreenInfo*;
      *HgmCore::CheckCustomFrameRateModeValid*;
      *HgmCore::GetActiveScreen*;
      *HgmCore::GetCurrentRefreshRateMode*;
      *HgmCore::GetHfbcConfig*;
      *HgmCore::GetIdealPeriod*;
      *HgmCore::GetModesToApply*;
      *HgmCore::GetScreen*;
      *HgmCore::GetScreenCurrentRefreshRate*;
      *HgmCore::Init*;
      *HgmCore::Instance*;
      *HgmCore::NotifyScreenPowerStatus*;
      *HgmCore::NotifyScreenRectFrameRateChange*;
      *HgmCore::RegisterRefreshRateModeChangeCallback*;
      *HgmCore::RemoveScreen*;
      *HgmCore::SetASConfig*;
      *HgmCore::SetActiveScreenId*;
      *HgmCore::SetRateAndResolution*;
      *HgmCore::SetRefreshRateMode*;
      *HgmCore::SetScreenRefreshRate*;

      *HgmEnergyConsumptionPolicy::GetAnimationIdleFps*;
      *HgmEnergyConsumptionPolicy::GetComponentFps*;
      *HgmEnergyConsumptionPolicy::GetUiIdleFps*;
      *HgmEnergyConsumptionPolicy::Instance*;
      *HgmEnergyConsumptionPolicy::PrintEnergyConsumptionLog*;
      *HgmEnergyConsumptionPolicy::SetAnimationEnergyConsumptionAssuranceMode*;
      *HgmEnergyConsumptionPolicy::SetEnergyConsumptionConfig*;
      *HgmEnergyConsumptionPolicy::SetRefreshRateMode*;
      *HgmEnergyConsumptionPolicy::SetTouchState*;
      *HgmEnergyConsumptionPolicy::SetUiEnergyConsumptionConfig*;
      *HgmEnergyConsumptionPolicy::StartNewAnimation*;
      *HgmEnergyConsumptionPolicy::StatisticAnimationTime*;
      *HgmEnergyConsumptionPolicy::GetVideoCallVsyncChange*;
      *HgmEnergyConsumptionPolicy::SetVideoCallSceneInfo*;
      *HgmEnergyConsumptionPolicy::StatisticsVideoCallBufferCount*;
      *HgmEnergyConsumptionPolicy::CheckOnlyVideoCallExist*;
      *HgmEnergyConsumptionPolicy::GetVideoCallFrameRate*;
      *HgmEnergyConsumptionPolicy::SetCurrentPkgName*;

      *HgmFrameRateManager::CalcRefreshRate*;
      *HgmFrameRateManager::ChangePriority*;
      *HgmFrameRateManager::CleanPageUrlVote*;
      *HgmFrameRateManager::CleanVote*;
      *HgmFrameRateManager::CollectFrameRateChange*;
      *HgmFrameRateManager::CollectVRateChange*;
      *HgmFrameRateManager::CheckAncoVoterStatus*;
      *HgmFrameRateManager::DeliverRefreshRateVote*;
      *HgmFrameRateManager::FrameRateReport*;
      *HgmFrameRateManager::GetAncoLowBrightVec*;
      *HgmFrameRateManager::GetDrawingFrameRate*;
      *HgmFrameRateManager::GetExpectedFrameRate*;
      *HgmFrameRateManager::GetLowBrightVec*;
      *HgmFrameRateManager::GetPreferredFps*;
      *HgmFrameRateManager::GetStylusVec*;
      *HgmFrameRateManager::GetSupportedRefreshRates*;
      *HgmFrameRateManager::HandleAppStrategyConfigEvent*;
      *HgmFrameRateManager::HandleDynamicModeEvent*;
      *HgmFrameRateManager::HandleFrameRateChangeForLTPO*;
      *HgmFrameRateManager::DVSyncTaskProcessor*;
      *HgmFrameRateManager::HandleGamesEvent*;
      *HgmFrameRateManager::HandleIdleEvent*;
      *HgmFrameRateManager::HandleLightFactorStatus*;
      *HgmFrameRateManager::HandlePackageEvent*;
      *HgmFrameRateManager::HandleRefreshRateEvent*;
      *HgmFrameRateManager::HandleRefreshRateMode*;
      *HgmFrameRateManager::HandleRsFrame*;
      *HgmFrameRateManager::HandleSceneEvent*;
      *HgmFrameRateManager::HandleScreenPowerStatus*;
      *HgmFrameRateManager::HandleScreenRectFrameRate*;
      *HgmFrameRateManager::HandleScreenExtStrategyChange*;
      *HgmFrameRateManager::HandleTouchEvent*;
      *HgmFrameRateManager::HgmFrameRateManager*;
      *HgmFrameRateManager::Init*;
      *HgmFrameRateManager::MergeRangeByPriority*;
      *HgmFrameRateManager::NotifyPageName*;
      *HgmFrameRateManager::ProcessAdaptiveSync*;
      *HgmFrameRateManager::ProcessPageUrlVote*;
      *HgmFrameRateManager::ProcessPendingRefreshRate*;
      *HgmFrameRateManager::ProcessRefreshRateVote*;
      *HgmFrameRateManager::ReportHiSysEvent*;
      *HgmFrameRateManager::SetAceAnimatorVote*;
      *HgmFrameRateManager::SetTimeoutParamsFromConfig*;
      *HgmFrameRateManager::UniProcessDataForLtpo*;
      *HgmFrameRateManager::UpdateGuaranteedPlanVote*;
      *HgmFrameRateManager::UpdateSurfaceTime*;
      *HgmFrameRateManager::UpdateUIFrameworkDirtyNodes*;
      *HgmFrameRateManager::UpdateVoteRule*;
      *HgmFrameRateManager::HandleGameNode*;
      *HgmFrameRateManager::UpdateSoftVSync*;
      *HgmFrameRateManager::UpdateFrameRateWithDelay*;
      *HgmFrameRateManager::SetVsyncRateDiscountLTPO*;
      *HgmFrameRateManager::EraseGameRateDiscountMap*;
      *HgmFrameRateManager::CollectGameRateDiscountChange*;
      *HgmFrameRateManager::GetVRateMiniFPS*;
      *HgmFrameRateManager::CheckNeedUpdateAppOffset*;
      *HgmFrameRateManager::HandleTouchTask*;
      *HgmFrameRateManager::MarkVoteChange*;

      *HgmHfbcConfig::HandleHfbcConfig*;
      *HgmHfbcConfig::SetHfbcConfigMap*;
      *HgmHfbcConfig::SetHfbcControlMode*;

      *HgmIdleDetector::GetSurfaceIdleState*;
      *HgmIdleDetector::GetTouchUpExpectedFPS*;
      *HgmIdleDetector::SetAceAnimatorIdleState*;
      *HgmIdleDetector::SetAppSupportedState*;
      *HgmIdleDetector::UpdateAceAnimatorExpectedFrameRate*;
      *HgmIdleDetector::UpdateSurfaceTime*;
      *HgmIdleDetector::UpdateSurfaceState*;

      *HgmMultiAppStrategy::AnalyzePkgParam*;
      *HgmMultiAppStrategy::CalcVote*;
      *HgmMultiAppStrategy::CheckPackageInConfigList*;
      *HgmMultiAppStrategy::GetAppStrategyConfig*;
      *HgmMultiAppStrategy::GetVoteRes*;
      *HgmMultiAppStrategy::HandleLightFactorStatus*;
      *HgmMultiAppStrategy::HandleLowAmbientStatus*;
      *HgmMultiAppStrategy::HandlePkgEvent*;
      *HgmMultiAppStrategy::HandlePkgsEvent*;
      *HgmMultiAppStrategy::HandleTouchInfo*;
      *HgmMultiAppStrategy::HgmMultiAppStrategy*;
      *HgmMultiAppStrategy::OnStrategyChange*;
      *HgmMultiAppStrategy::SetAppStrategyConfig*;
      *HgmMultiAppStrategy::UpdateAppStrategyConfigCache*;

      *HgmScreen::AddScreenModeInfo*;
      *HgmScreen::GetActiveRefreshRate*;
      *HgmScreen::GetModeIdViaRate*;
      *HgmScreen::HgmScreen*;
      *HgmScreen::IfSwitchToRate*;
      *HgmScreen::SetActiveRefreshRate*;
      *HgmScreen::SetRateAndResolution*;
      *HgmScreen::SetRefreshRateRange*;

      *HgmScreenInfo::GetInstance*;
      *HgmScreenInfo::GetPanelInfo*;
      *HgmScreenInfo::GetScreenType*;
      *HgmScreenInfo::Init*;
      *HgmScreenInfo::InitPanelTypeMap*;
      *HgmScreenInfo::IsLtpoType*;

      *HgmSimpleTimer::HgmSimpleTimer*;
      *HgmSimpleTimer::Reset*;
      *HgmSimpleTimer::SetInterval*;
      *HgmSimpleTimer::Start*;
      *HgmSimpleTimer::Stop*;

      *HgmTaskHandleThread::DetectMultiThreadingCalls*;
      *HgmTaskHandleThread::Instance*;
      *HgmTaskHandleThread::PostEvent*;
      *HgmTaskHandleThread::PostSyncTask*;
      *HgmTaskHandleThread::PostTask*;
      *HgmTaskHandleThread::RemoveEvent*;

      *HgmTouchManager::CheckChangeStateValid*;
      *HgmTouchManager::HandleRsFrame*;
      *HgmTouchManager::HandleTouchEvent*;
      *HgmTouchManager::HgmTouchManager*;
      *HgmTouchManager::SetUpTimeout*;
      *HgmTouchManager::SetRsIdleTimeout*;
      *HgmTouchManager::State2String*;

      *HgmSoftVSyncManager::HgmSoftVSyncManager*;
      *HgmSoftVSyncManager::InitController*;
      *HgmSoftVSyncManager::SetWindowExpectedRefreshRate*;
      *HgmSoftVSyncManager::CollectVRateChange*;
      *HgmSoftVSyncManager::SetVsyncRateDiscountLTPO*;
      *HgmSoftVSyncManager::GetDrawingFrameRate*;
      *HgmSoftVSyncManager::UniProcessDataForLtpo*;
      *HgmSoftVSyncManager::CollectFrameRateChange*;
      *HgmSoftVSyncManager::GetVRateMiniFPS*;
      *HgmSoftVSyncManager::EraseGameRateDiscountMap*;
      *HgmSoftVSyncManager::CollectGameRateDiscountChange*;

      *HgmPointerManager::CheckChangeStateValid*;
      *HgmPointerManager::HandleRsFrame*;
      *HgmPointerManager::HandleTimerReset*;
      *HgmPointerManager::HgmPointerManager*;
      *HgmPointerManager::State2String*;

      *HgmVSyncGeneratorController::CalcVSyncQuickTriggerTime*;
      *HgmVSyncGeneratorController::ChangeGeneratorRate*;
      *HgmVSyncGeneratorController::GetAppOffset*;
      *HgmVSyncGeneratorController::HgmVSyncGeneratorController*;
      *HgmVSyncGeneratorController::~HgmVSyncGeneratorController*;

      *HgmFrameVoter::HgmFrameVoter*;
      *HgmFrameVoter::GetVoters*;
      *HgmFrameVoter::GetVoterGamesEffective*;
      *HgmFrameVoter::IsDragScene*;
      *HgmFrameVoter::SetDragScene*;
      *HgmFrameVoter::CleanVote*;
      *HgmFrameVoter::DeliverVote*;
      *HgmFrameVoter::ProcessVote*;
      *HgmFrameVoter::SetChangeRangeCallback*;
      *HgmFrameVoter::ProcessVoteLog*;
      *HgmFrameVoter::MergeLtpo2IdleVote*;
      *HgmFrameVoter::CheckAncoVoter*;
      *HgmFrameVoter::ProcessVoteIter*;
      *HgmFrameVoter::ChangePriority*;
      *HgmFrameVoter::UpdateVoteRule*;

      *HgmVoter::MergeRangeByPriority*;

      *RSFrameRateVote::CancelVoteRate*;
      *RSFrameRateVote::NotifyRefreshRateEvent*;
      *RSFrameRateVote::RSFrameRateVote*;
      *RSFrameRateVote::ReleaseSurfaceMap*;
      *RSFrameRateVote::SurfaceVideoVote*;
      *RSFrameRateVote::VideoFrameRateVote*;
      *RSFrameRateVote::SetTransactionFlags*;
      *RSFrameRateVote::CheckSurfaceAndUi*;
      *RSFrameRateVote::VoteRate*;
      *RSFrameRateVote::~RSFrameRateVote*;

      *RSVideoFrameRateVote::CancelDelayTask*;
      *RSVideoFrameRateVote::DoReleaseCallback*;
      *RSVideoFrameRateVote::DoVoteCallback*;
      *RSVideoFrameRateVote::RSVideoFrameRateVote*;
      *RSVideoFrameRateVote::SendDelayTask*;
      *RSVideoFrameRateVote::StartVideoFrameRateVote*;
      *RSVideoFrameRateVote::VoteVideoFrameRate*;
      *RSVideoFrameRateVote::~RSVideoFrameRateVote*;

      *XMLParser::Destroy*;
      *XMLParser::IsNumber*;
      *XMLParser::LoadConfiguration*;
      *XMLParser::Parse*;
      *XMLParser::StringToVector*;
      *XMLParser::XMLParser*;
    };
  local: *;
};
